2026-08-22 21:52:12 - config - INFO - Bot initialized successfully with Redis. Admin ID: 123456
2026-08-22 21:52:13 - asyncio - DEBUG - Using selector: EpollSelector
2026-08-22 21:52:13 - asyncio - DEBUG - Using selector: EpollSelector
2026-08-22 21:52:13 - supabase_helper - INFO - Supabase Async client initialized successfully with centralized schema mapping
2026-08-22 21:52:20 - config - INFO - Bot initialized successfully with Redis. Admin ID: 123456
2026-08-22 21:52:21 - asyncio - DEBUG - Using selector: EpollSelector
2026-08-22 21:52:21 - asyncio - DEBUG - Using selector: EpollSelector
2026-08-22 21:52:21 - supabase_helper - INFO - Supabase Async client initialized successfully with centralized schema mapping
2026-08-22 21:52:21 - matplotlib - DEBUG - matplotlib data path: /usr/local/lib/python3.12/dist-packages/matplotlib/mpl-data
2026-08-22 21:52:21 - matplotlib - DEBUG - CONFIGDIR=/root/.config/matplotlib
2026-08-22 21:52:21 - matplotlib - DEBUG - interactive is False
2026-08-22 21:52:21 - matplotlib - DEBUG - platform is linux
2026-08-22 21:52:21 - matplotlib - DEBUG - CACHEDIR=/root/.cache/matplotlib
2026-08-22 21:52:21 - matplotlib.font_manager - DEBUG - font search path [PosixPath('/usr/local/lib/python3.12/dist-packages/matplotlib/mpl-data/fonts/ttf'), PosixPath('/usr/local/lib/python3.12/dist-packages/matplotlib/mpl-data/fonts/afm'), PosixPath('/usr/local/lib/python3.12/dist-packages/matplotlib/mpl-data/fonts/pdfcorefonts')]
2026-08-22 21:52:21 - matplotlib.font_manager - INFO - Failed to extract font properties from /usr/share/fonts/truetype/noto/NotoColorEmoji.ttf: In FT2Font: Can not load face (unknown file format; error code 0x2)
2026-08-22 21:52:21 - matplotlib.font_manager - INFO - generated new fontManager
2026-08-22 21:52:31 - config - INFO - Bot initialized successfully with Redis. Admin ID: 123456
2026-08-22 21:52:31 - asyncio - DEBUG - Using selector: EpollSelector
2026-08-22 21:52:31 - asyncio - DEBUG - Using selector: EpollSelector
2026-08-22 21:52:31 - supabase_helper - INFO - Supabase Async client initialized successfully with centralized schema mapping
2026-08-22 21:52:31 - matplotlib - DEBUG - matplotlib data path: /usr/local/lib/python3.12/dist-packages/matplotlib/mpl-data
2026-08-22 21:52:31 - matplotlib - DEBUG - CONFIGDIR=/root/.config/matplotlib
2026-08-22 21:52:31 - matplotlib - DEBUG - interactive is False
2026-08-22 21:52:31 - matplotlib - DEBUG - platform is linux
2026-08-22 21:52:31 - matplotlib - DEBUG - CACHEDIR=/root/.cache/matplotlib
2026-08-22 21:52:31 - matplotlib.font_manager - DEBUG - Using fontManager instance from /root/.cache/matplotlib/fontlist-v390.json
2026-08-22 21:52:41 - config - INFO - Bot initialized successfully with Redis. Admin ID: 123456
2026-08-22 21:52:41 - asyncio - DEBUG - Using selector: EpollSelector
2026-08-22 21:52:41 - asyncio - DEBUG - Using selector: EpollSelector
2026-08-22 21:52:41 - supabase_helper - INFO - Supabase Async client initialized successfully with centralized schema mapping
2026-08-22 21:52:41 - matplotlib - DEBUG - matplotlib data path: /usr/local/lib/python3.12/dist-packages/matplotlib/mpl-data
2026-08-22 21:52:41 - matplotlib - DEBUG - CONFIGDIR=/root/.config/matplotlib
2026-08-22 21:52:41 - matplotlib - DEBUG - interactive is False
2026-08-22 21:52:41 - matplotlib - DEBUG - platform is linux
2026-08-22 21:52:41 - matplotlib - DEBUG - CACHEDIR=/root/.cache/matplotlib
2026-08-22 21:52:41 - matplotlib.font_manager - DEBUG - Using fontManager instance from /root/.cache/matplotlib/fontlist-v390.json
